// Jest Snapshot v1, https://goo.gl/fbAQLP

exports[`App Component +++ should compare the component with a snapshot 1`] = `
<div>
  <h1>
    Hello, Electron!
  </h1>
  <p>
    I hope you enjoy using basic-electron-react-boilerplate to start your dev off right!
  </p>
</div>
`;
